layer at (0,0) size 800x600
  RenderView at (0,0) size 800x600
layer at (0,0) size 800x600
  RenderBlock {HTML} at (0,0) size 800x600
    RenderBody {BODY} at (8,8) size 784x584
      RenderText {#text} at (0,0) size 445x17
        text run at (0,0) width 445: "Tests if the volume slider is rendererd properly. This test assumes the"
      RenderBR {BR} at (444,14) size 1x0
      RenderText {#text} at (0,18) size 458x17
        text run at (0,18) width 458: "volume slider is implmented and mouse over the right bottom corner of"
      RenderBR {BR} at (457,32) size 1x0
      RenderText {#text} at (0,36) size 276x17
        text run at (0,36) width 276: "video element will show the volume slider."
      RenderBR {BR} at (275,50) size 1x0
      RenderText {#text} at (0,0) size 0x0
layer at (8,62) size 320x240
  RenderVideo {VIDEO} at (0,54) size 320x240
layer at (8,62) size 320x240
  RenderBlock (relative positioned) {DIV} at (0,0) size 320x240
layer at (8,282) size 320x20 scrollHeight 30
  RenderDeprecatedFlexibleBox (positioned) {DIV} at (0,220) size 320x20
    RenderButton {INPUT} at (0,0) size 20x20
    RenderDeprecatedFlexibleBox {DIV} at (20,0) size 220x20 [border: (1px solid #FFFFFF33) none (1px solid #FFFFFF33)]
      RenderBlock (anonymous) at (1,0) size 64x30
        RenderDeprecatedFlexibleBox {DIV} at (0,0) size 64x30
          RenderBlock (anonymous) at (5,5) size 54x20
            RenderText {#text} at (0,0) size 54x11
              text run at (0,0) width 54: "00:00 / 00:06"
      RenderSlider {INPUT} at (65,0) size 154x20
        RenderDeprecatedFlexibleBox {DIV} at (2,0) size 150x20
          RenderBlock {DIV} at (0,4) size 138x12
          RenderBlock {DIV} at (138,4) size 12x12
    RenderButton {INPUT} at (240,0) size 20x20
    RenderButton {INPUT} at (260,0) size 20x20
    RenderButton {INPUT} at (280,0) size 20x20
    RenderButton {INPUT} at (300,0) size 20x20
layer at (95,286) size 12x12
  RenderBlock (relative positioned) {DIV} at (0,0) size 12x12
